// Jest Snapshot v1, https://goo.gl/fbAQLP

exports[`Select Deprecated should ignore mode="combobox" 1`] = `
<div
  class="ant-select ant-select-single"
>
  <div
    class="ant-select-selector"
  >
    <span
      class="ant-select-selection-search"
    >
      <input
        aria-activedescendant="rc_select_TEST_OR_SSR_list_0"
        aria-autocomplete="list"
        aria-controls="rc_select_TEST_OR_SSR_list"
        aria-expanded="false"
        aria-haspopup="listbox"
        aria-owns="rc_select_TEST_OR_SSR_list"
        autocomplete="off"
        class="ant-select-selection-search-input"
        id="rc_select_TEST_OR_SSR"
        readonly=""
        role="combobox"
        style="opacity: 0;"
        type="search"
        unselectable="on"
        value=""
      />
    </span>
    <span
      class="ant-select-selection-placeholder"
    />
  </div>
</div>
`;

exports[`Select Select Custom Icons should support customized icons 1`] = `
<div
  class="ant-select ant-select-single"
>
  <div
    class="ant-select-selector"
  >
    <span
      class="ant-select-selection-search"
    >
      <input
        aria-activedescendant="rc_select_TEST_OR_SSR_list_0"
        aria-autocomplete="list"
        aria-controls="rc_select_TEST_OR_SSR_list"
        aria-expanded="false"
        aria-haspopup="listbox"
        aria-owns="rc_select_TEST_OR_SSR_list"
        autocomplete="off"
        class="ant-select-selection-search-input"
        id="rc_select_TEST_OR_SSR"
        readonly=""
        role="combobox"
        style="opacity: 0;"
        type="search"
        unselectable="on"
        value=""
      />
    </span>
    <span
      class="ant-select-selection-placeholder"
    />
  </div>
</div>
`;

exports[`Select rtl render component should be rendered correctly in RTL direction 1`] = `
<div
  class="ant-select ant-select-rtl ant-select-single"
>
  <div
    class="ant-select-selector"
  >
    <span
      class="ant-select-selection-search"
    >
      <input
        aria-activedescendant="rc_select_TEST_OR_SSR_list_0"
        aria-autocomplete="list"
        aria-controls="rc_select_TEST_OR_SSR_list"
        aria-expanded="false"
        aria-haspopup="listbox"
        aria-owns="rc_select_TEST_OR_SSR_list"
        autocomplete="off"
        class="ant-select-selection-search-input"
        id="rc_select_TEST_OR_SSR"
        readonly=""
        role="combobox"
        style="opacity: 0;"
        type="search"
        unselectable="on"
        value=""
      />
    </span>
    <span
      class="ant-select-selection-placeholder"
    />
  </div>
</div>
`;
